GDTEST_OK
[3, 2, 1]
[(0.75, 0.75, 0.75, 0.75), (0.5, 0.5, 0.5, 0.5), (0.25, 0.25, 0.25, 0.25)]
[3.75, 2.5, 1.25]
[3.75, 2.5, 1.25]
[3, 2, 1]
[3, 2, 1]
[3, 2, 1]
[(3, 3), (2, 2), (1, 1)]
[(3, 3, 3), (2, 2, 2), (1, 1, 1)]
