GDTEST_OK
2
4
0
Node2D
Node
Node
Node2D
Node2D
true
true
true
true
true
Object
Object
